2026-05-07T16:22:49.905Z [info] {"algorithm":"naive","executionTime":"0.0939","comparisons":26,"matches":1}
2026-05-07T16:22:49.910Z [info] ========== exemplo1.txt ==========
2026-05-07T16:22:49.911Z [info] {"file":"exemplo1.txt","algorithm":"naive","step":"[SHIFT] i = 0"}
2026-05-07T16:22:49.911Z [info] {"file":"exemplo1.txt","algorithm":"naive","step":"Comparando text[0]='A' com pattern[0]='D'"}
2026-05-07T16:22:49.912Z [info] {"file":"exemplo1.txt","algorithm":"naive","step":"Mismatch"}
2026-05-07T16:22:49.912Z [info] {"file":"exemplo1.txt","algorithm":"naive","step":"[SHIFT] i = 1"}
2026-05-07T16:22:49.913Z [info] {"file":"exemplo1.txt","algorithm":"naive","step":"Comparando text[1]='B' com pattern[0]='D'"}
2026-05-07T16:22:49.913Z [info] {"file":"exemplo1.txt","algorithm":"naive","step":"Mismatch"}
2026-05-07T16:22:49.913Z [info] {"file":"exemplo1.txt","algorithm":"naive","step":"[SHIFT] i = 2"}
2026-05-07T16:22:49.913Z [info] {"file":"exemplo1.txt","algorithm":"naive","step":"Comparando text[2]='C' com pattern[0]='D'"}
2026-05-07T16:22:49.914Z [info] {"file":"exemplo1.txt","algorithm":"naive","step":"Mismatch"}
2026-05-07T16:22:49.914Z [info] {"file":"exemplo1.txt","algorithm":"naive","step":"[SHIFT] i = 3"}
2026-05-07T16:22:49.914Z [info] {"file":"exemplo1.txt","algorithm":"naive","step":"Comparando text[3]='D' com pattern[0]='D'"}
2026-05-07T16:22:49.914Z [info] {"file":"exemplo1.txt","algorithm":"naive","step":"Match"}
2026-05-07T16:22:49.914Z [info] {"file":"exemplo1.txt","algorithm":"naive","step":"Comparando text[4]='E' com pattern[1]='E'"}
2026-05-07T16:22:49.914Z [info] {"file":"exemplo1.txt","algorithm":"naive","step":"Match"}
2026-05-07T16:22:49.914Z [info] {"file":"exemplo1.txt","algorithm":"naive","step":"Comparando text[5]='F' com pattern[2]='F'"}
2026-05-07T16:22:49.915Z [info] {"file":"exemplo1.txt","algorithm":"naive","step":"Match"}
2026-05-07T16:22:49.915Z [info] {"file":"exemplo1.txt","algorithm":"naive","step":"Encontrado na posição 3"}
2026-05-07T16:22:49.915Z [info] {"file":"exemplo1.txt","algorithm":"naive","step":"[SHIFT] i = 4"}
2026-05-07T16:22:49.915Z [info] {"file":"exemplo1.txt","algorithm":"naive","step":"Comparando text[4]='E' com pattern[0]='D'"}
2026-05-07T16:22:49.915Z [info] {"file":"exemplo1.txt","algorithm":"naive","step":"Mismatch"}
2026-05-07T16:22:49.915Z [info] {"file":"exemplo1.txt","algorithm":"naive","step":"[SHIFT] i = 5"}
2026-05-07T16:22:49.915Z [info] {"file":"exemplo1.txt","algorithm":"naive","step":"Comparando text[5]='F' com pattern[0]='D'"}
2026-05-07T16:22:49.916Z [info] {"file":"exemplo1.txt","algorithm":"naive","step":"Mismatch"}
2026-05-07T16:22:49.916Z [info] {"file":"exemplo1.txt","algorithm":"naive","step":"[SHIFT] i = 6"}
2026-05-07T16:22:49.916Z [info] {"file":"exemplo1.txt","algorithm":"naive","step":"Comparando text[6]='G' com pattern[0]='D'"}
2026-05-07T16:22:49.916Z [info] {"file":"exemplo1.txt","algorithm":"naive","step":"Mismatch"}
2026-05-07T16:22:49.916Z [info] {"file":"exemplo1.txt","algorithm":"naive","step":"[SHIFT] i = 7"}
2026-05-07T16:22:49.916Z [info] {"file":"exemplo1.txt","algorithm":"naive","step":"Comparando text[7]='H' com pattern[0]='D'"}
2026-05-07T16:22:49.916Z [info] {"file":"exemplo1.txt","algorithm":"naive","step":"Mismatch"}
2026-05-07T16:22:49.916Z [info] {"file":"exemplo1.txt","algorithm":"naive","step":"[SHIFT] i = 8"}
2026-05-07T16:22:49.916Z [info] {"file":"exemplo1.txt","algorithm":"naive","step":"Comparando text[8]='I' com pattern[0]='D'"}
2026-05-07T16:22:49.917Z [info] {"file":"exemplo1.txt","algorithm":"naive","step":"Mismatch"}
2026-05-07T16:22:49.917Z [info] {"file":"exemplo1.txt","algorithm":"naive","step":"[SHIFT] i = 9"}
2026-05-07T16:22:49.917Z [info] {"file":"exemplo1.txt","algorithm":"naive","step":"Comparando text[9]='J' com pattern[0]='D'"}
2026-05-07T16:22:49.917Z [info] {"file":"exemplo1.txt","algorithm":"naive","step":"Mismatch"}
2026-05-07T16:22:49.917Z [info] {"file":"exemplo1.txt","algorithm":"naive","step":"[SHIFT] i = 10"}
2026-05-07T16:22:49.917Z [info] {"file":"exemplo1.txt","algorithm":"naive","step":"Comparando text[10]='K' com pattern[0]='D'"}
2026-05-07T16:22:49.917Z [info] {"file":"exemplo1.txt","algorithm":"naive","step":"Mismatch"}
2026-05-07T16:22:49.917Z [info] {"file":"exemplo1.txt","algorithm":"naive","step":"[SHIFT] i = 11"}
2026-05-07T16:22:49.918Z [info] {"file":"exemplo1.txt","algorithm":"naive","step":"Comparando text[11]='L' com pattern[0]='D'"}
2026-05-07T16:22:49.918Z [info] {"file":"exemplo1.txt","algorithm":"naive","step":"Mismatch"}
2026-05-07T16:22:49.918Z [info] {"file":"exemplo1.txt","algorithm":"naive","step":"[SHIFT] i = 12"}
2026-05-07T16:22:49.918Z [info] {"file":"exemplo1.txt","algorithm":"naive","step":"Comparando text[12]='M' com pattern[0]='D'"}
2026-05-07T16:22:49.919Z [info] {"file":"exemplo1.txt","algorithm":"naive","step":"Mismatch"}
2026-05-07T16:22:49.919Z [info] {"file":"exemplo1.txt","algorithm":"naive","step":"[SHIFT] i = 13"}
2026-05-07T16:22:49.919Z [info] {"file":"exemplo1.txt","algorithm":"naive","step":"Comparando text[13]='N' com pattern[0]='D'"}
2026-05-07T16:22:49.919Z [info] {"file":"exemplo1.txt","algorithm":"naive","step":"Mismatch"}
2026-05-07T16:22:49.919Z [info] {"file":"exemplo1.txt","algorithm":"naive","step":"[SHIFT] i = 14"}
2026-05-07T16:22:49.920Z [info] {"file":"exemplo1.txt","algorithm":"naive","step":"Comparando text[14]='O' com pattern[0]='D'"}
2026-05-07T16:22:49.920Z [info] {"file":"exemplo1.txt","algorithm":"naive","step":"Mismatch"}
2026-05-07T16:22:49.920Z [info] {"file":"exemplo1.txt","algorithm":"naive","step":"[SHIFT] i = 15"}
2026-05-07T16:22:49.920Z [info] {"file":"exemplo1.txt","algorithm":"naive","step":"Comparando text[15]='P' com pattern[0]='D'"}
2026-05-07T16:22:49.920Z [info] {"file":"exemplo1.txt","algorithm":"naive","step":"Mismatch"}
2026-05-07T16:22:49.921Z [info] {"file":"exemplo1.txt","algorithm":"naive","step":"[SHIFT] i = 16"}
2026-05-07T16:22:49.921Z [info] {"file":"exemplo1.txt","algorithm":"naive","step":"Comparando text[16]='Q' com pattern[0]='D'"}
2026-05-07T16:22:49.921Z [info] {"file":"exemplo1.txt","algorithm":"naive","step":"Mismatch"}
2026-05-07T16:22:49.921Z [info] {"file":"exemplo1.txt","algorithm":"naive","step":"[SHIFT] i = 17"}
2026-05-07T16:22:49.921Z [info] {"file":"exemplo1.txt","algorithm":"naive","step":"Comparando text[17]='R' com pattern[0]='D'"}
2026-05-07T16:22:49.922Z [info] {"file":"exemplo1.txt","algorithm":"naive","step":"Mismatch"}
2026-05-07T16:22:49.922Z [info] {"file":"exemplo1.txt","algorithm":"naive","step":"[SHIFT] i = 18"}
2026-05-07T16:22:49.922Z [info] {"file":"exemplo1.txt","algorithm":"naive","step":"Comparando text[18]='S' com pattern[0]='D'"}
2026-05-07T16:22:49.922Z [info] {"file":"exemplo1.txt","algorithm":"naive","step":"Mismatch"}
2026-05-07T16:22:49.923Z [info] {"file":"exemplo1.txt","algorithm":"naive","step":"[SHIFT] i = 19"}
2026-05-07T16:22:49.923Z [info] {"file":"exemplo1.txt","algorithm":"naive","step":"Comparando text[19]='T' com pattern[0]='D'"}
2026-05-07T16:22:49.923Z [info] {"file":"exemplo1.txt","algorithm":"naive","step":"Mismatch"}
2026-05-07T16:22:49.923Z [info] {"file":"exemplo1.txt","algorithm":"naive","step":"[SHIFT] i = 20"}
2026-05-07T16:22:49.923Z [info] {"file":"exemplo1.txt","algorithm":"naive","step":"Comparando text[20]='U' com pattern[0]='D'"}
2026-05-07T16:22:49.923Z [info] {"file":"exemplo1.txt","algorithm":"naive","step":"Mismatch"}
2026-05-07T16:22:49.923Z [info] {"file":"exemplo1.txt","algorithm":"naive","step":"[SHIFT] i = 21"}
2026-05-07T16:22:49.924Z [info] {"file":"exemplo1.txt","algorithm":"naive","step":"Comparando text[21]='V' com pattern[0]='D'"}
2026-05-07T16:22:49.924Z [info] {"file":"exemplo1.txt","algorithm":"naive","step":"Mismatch"}
2026-05-07T16:22:49.924Z [info] {"file":"exemplo1.txt","algorithm":"naive","step":"[SHIFT] i = 22"}
2026-05-07T16:22:49.924Z [info] {"file":"exemplo1.txt","algorithm":"naive","step":"Comparando text[22]='W' com pattern[0]='D'"}
2026-05-07T16:22:49.924Z [info] {"file":"exemplo1.txt","algorithm":"naive","step":"Mismatch"}
2026-05-07T16:22:49.925Z [info] {"file":"exemplo1.txt","algorithm":"naive","step":"[SHIFT] i = 23"}
2026-05-07T16:22:49.925Z [info] {"file":"exemplo1.txt","algorithm":"naive","step":"Comparando text[23]='X' com pattern[0]='D'"}
2026-05-07T16:22:49.925Z [info] {"file":"exemplo1.txt","algorithm":"naive","step":"Mismatch"}
2026-05-07T16:22:49.925Z [info] ====================================
2026-05-07T16:22:49.925Z [info] {"algorithm":"naive","pattern":"DEF","totalFiles":1}
